 DEPRECATED  `test.poolOptions` was removed in Vitest 4. All previous `poolOptions` are now top-level options. Please, refer to the migration guide: https://vitest.dev/guide/migration#pool-rework

[1m[30m[46m RUN [49m[39m[22m [36mv4.1.4 [39m[90mC:/Users/ryair/OneDrive - Intel Corporation/Documents/MyScripts/FamilyDashBoard[39m
      [2mCoverage enabled with [22m[33mv8[39m

 [31mΓ¥»[39m tests/unit/core/config.test.ts [2m([22m[2m111 tests[22m[2m | [22m[31m1 failed[39m[2m)[22m[32m 113[2mms[22m[39m
     [32mΓ£ô[39m returns defaults when localStorage is empty[32m 9[2mms[22m[39m
     [32mΓ£ô[39m merges saved values with defaults[32m 3[2mms[22m[39m
     [32mΓ£ô[39m handles corrupted localStorage gracefully[32m 1[2mms[22m[39m
     [32mΓ£ô[39m persists config to localStorage[32m 2[2mms[22m[39m
     [32mΓ£ô[39m updates a single field and persists[32m 1[2mms[22m[39m
     [32mΓ£ô[39m encodes config to a URL hash[32m 1[2mms[22m[39m
     [32mΓ£ô[39m round-trips through encode/decode[32m 1[2mms[22m[39m
     [32mΓ£ô[39m returns null for invalid hash[32m 0[2mms[22m[39m
     [32mΓ£ô[39m returns null for corrupted base64[32m 1[2mms[22m[39m
     [32mΓ£ô[39m loadConfig returns an object with all expected keys[32m 1[2mms[22m[39m
     [32mΓ£ô[39m saveConfig then loadConfig round-trips all fields[32m 1[2mms[22m[39m
     [32mΓ£ô[39m updateConfig with theme persists correctly[32m 1[2mms[22m[39m
     [32mΓ£ô[39m updateConfig with screenMode persists correctly[32m 1[2mms[22m[39m
     [32mΓ£ô[39m shareConfigHash encodes different configs differently[32m 2[2mms[22m[39m
     [32mΓ£ô[39m loadConfigFromHash returns null for plain string without #[32m 0[2mms[22m[39m
     [32mΓ£ô[39m loadConfigFromHash null for hash with empty cfg value[32m 0[2mms[22m[39m
     [32mΓ£ô[39m loadConfig returns defaults when stored value is a non-object JSON (number)[32m 0[2mms[22m[39m
     [32mΓ£ô[39m loadConfig returns defaults when stored value is a JSON string[32m 0[2mms[22m[39m
     [32mΓ£ô[39m loadConfig returns defaults when stored value is JSON null[32m 0[2mms[22m[39m
     [32mΓ£ô[39m saveConfig catch block handles localStorage quota error[32m 3[2mms[22m[39m
     [32mΓ£ô[39m executes catch branch diagLog when localStorage.setItem throws (line 37)[32m 1[2mms[22m[39m
     [32mΓ£ô[39m returns null when decoded JSON is a primitive string (line 70 typeof check)[32m 0[2mms[22m[39m
     [32mΓ£ô[39m returns null when decoded JSON is JSON null (line 70 parsed===null branch)[32m 0[2mms[22m[39m
     [32mΓ£ô[39m migrates to configVersion=5 when version is missing (v0ΓåÆv1ΓåÆv2ΓåÆv3ΓåÆv4ΓåÆv5)[32m 0[2mms[22m[39m
     [32mΓ£ô[39m migrates to configVersion=5 when version is 0[32m 1[2mms[22m[39m
     [32mΓ£ô[39m migrates version 1 to version 5, adding v2+v3+v4+v5 fields[32m 1[2mms[22m[39m
     [32mΓ£ô[39m migrates config at v3 to v5[32m 1[2mms[22m[39m
[31m     [31m├ù[31m preserves all existing fields during migration[39m[32m 17[2mms[22m[39m
     [32mΓ£ô[39m isValidInterfaceLanguage accepts he and en[32m 1[2mms[22m[39m
     [32mΓ£ô[39m isValidInterfaceLanguage rejects other values[32m 1[2mms[22m[39m
     [32mΓ£ô[39m isValidTheme accepts all 6 theme names[32m 1[2mms[22m[39m
     [32mΓ£ô[39m isValidTheme rejects invalid strings[32m 0[2mms[22m[39m
     [32mΓ£ô[39m isValidScreenMode accepts tv, tablet, phone[32m 0[2mms[22m[39m
     [32mΓ£ô[39m isValidScreenMode rejects invalid strings[32m 0[2mms[22m[39m
     [32mΓ£ô[39m isValidTempUnit accepts C and F[32m 0[2mms[22m[39m
     [32mΓ£ô[39m isValidTempUnit rejects other values[32m 0[2mms[22m[39m
     [32mΓ£ô[39m accepts values in 0.5ΓÇô2.0 range[32m 0[2mms[22m[39m
     [32mΓ£ô[39m rejects out-of-range values[32m 0[2mms[22m[39m
     [32mΓ£ô[39m rejects non-numeric values[32m 0[2mms[22m[39m
     [32mΓ£ô[39m DEFAULT_CONFIG has configVersion 5[32m 0[2mms[22m[39m
     [32mΓ£ô[39m CONFIG_VERSION constant matches DEFAULT_CONFIG[32m 0[2mms[22m[39m
     [32mΓ£ô[39m loadConfig resets invalid theme to default[32m 0[2mms[22m[39m
     [32mΓ£ô[39m loadConfig resets invalid screenMode to default[32m 1[2mms[22m[39m
     [32mΓ£ô[39m loadConfig resets invalid tempUnit to default[32m 1[2mms[22m[39m
     [32mΓ£ô[39m returns a config equal to DEFAULT_CONFIG[32m 1[2mms[22m[39m
     [32mΓ£ô[39m persists the reset config to localStorage[32m 1[2mms[22m[39m
     [32mΓ£ô[39m returns an object with all required config keys[32m 1[2mms[22m[39m
     [32mΓ£ô[39m fires a 'configchange' CustomEvent on document[32m 1[2mms[22m[39m
     [32mΓ£ô[39m passes the config as event.detail[32m 1[2mms[22m[39m
     [32mΓ£ô[39m accepts 0ΓÇô100[32m 0[2mms[22m[39m
     [32mΓ£ô[39m rejects out-of-range and non-numeric values[32m 1[2mms[22m[39m
     [32mΓ£ô[39m accepts 0ΓÇô100[32m 0[2mms[22m[39m
     [32mΓ£ô[39m rejects out-of-range and non-numeric values[32m 0[2mms[22m[39m
     [32mΓ£ô[39m accepts 1ΓÇô10[32m 0[2mms[22m[39m
     [32mΓ£ô[39m rejects 0, 11, and non-numeric values[32m 1[2mms[22m[39m
     [32mΓ£ô[39m accepts 1ΓÇô5[32m 1[2mms[22m[39m
     [32mΓ£ô[39m rejects 0, 6, and non-numeric values[32m 1[2mms[22m[39m
     [32mΓ£ô[39m accepts 0ΓÇô23[32m 0[2mms[22m[39m
     [32mΓ£ô[39m rejects -1, 24, and non-numeric values[32m 0[2mms[22m[39m
     [32mΓ£ô[39m migrates v2 config to v5, adding all per-card fields[32m 1[2mms[22m[39m
     [32mΓ£ô[39m migrates v0 all the way to v5 in one call[32m 1[2mms[22m[39m
     [32mΓ£ô[39m does not re-run v3 migration for a v3 config, but runs v4+v5 migration[32m 1[2mms[22m[39m
     [32mΓ£ô[39m does not modify config already at current version (v5)[32m 0[2mms[22m[39m
     [32mΓ£ô[39m CONFIG_VERSION constant is 5[32m 0[2mms[22m[39m
     [32mΓ£ô[39m DEFAULT_CONFIG has all v3 fields with correct defaults[32m 1[2mms[22m[39m
     [32mΓ£ô[39m v3 config gets cards record with 5 card entries[32m 1[2mms[22m[39m
     [32mΓ£ô[39m weather card settings are namespaced from flat props[32m 1[2mms[22m[39m
     [32mΓ£ô[39m news card settings contain maxItems and showSource[32m 1[2mms[22m[39m
     [32mΓ£ô[39m stocks card settings contain showPortfolio and groupBySector[32m 0[2mms[22m[39m
     [32mΓ£ô[39m tasks card settings contain showDone, showCategories, resetHour[32m 1[2mms[22m[39m
     [32mΓ£ô[39m system-info card settings contain showRtt[32m 0[2mms[22m[39m
     [32mΓ£ô[39m v4 config is not re-migrated (cards preserved)[32m 0[2mms[22m[39m
     [32mΓ£ô[39m uses defaults for missing per-card props during migration[32m 0[2mms[22m[39m
     [32mΓ£ô[39m DEFAULT_CONFIG.cards is an empty object[32m 1[2mms[22m[39m
     [32mΓ£ô[39m DEFAULT_CONFIG.configVersion is 5[32m 0[2mms[22m[39m
     [32mΓ£ô[39m accepts a valid DEFAULT_CONFIG object[32m 1[2mms[22m[39m
     [32mΓ£ô[39m accepts a partial config missing optional fields[32m 0[2mms[22m[39m
     [32mΓ£ô[39m rejects null input[32m 0[2mms[22m[39m
     [32mΓ£ô[39m rejects non-object primitive[32m 0[2mms[22m[39m
     [32mΓ£ô[39m rejects array input[32m 0[2mms[22m[39m
     [32mΓ£ô[39m rejects future schema version[32m 1[2mms[22m[39m
     [32mΓ£ô[39m rejects non-numeric configVersion[32m 0[2mms[22m[39m
     [32mΓ£ô[39m rejects invalid theme value[32m 0[2mms[22m[39m
     [32mΓ£ô[39m rejects invalid screenMode value[32m 0[2mms[22m[39m
     [32mΓ£ô[39m rejects invalid tempUnit value[32m 0[2mms[22m[39m
     [32mΓ£ô[39m returns ok message in Hebrew on success[32m 0[2mms[22m[39m
     [32mΓ£ô[39m migrates older schema version to current on success[32m 0[2mms[22m[39m
     [32mΓ£ô[39m accepts config at current CONFIG_VERSION[32m 0[2mms[22m[39m
     [32mΓ£ô[39m wraps config with appVersion, configSchemaVersion, exportedAt[32m 4[2mms[22m[39m
     [32mΓ£ô[39m exportedAt is a valid ISO date string[32m 1[2mms[22m[39m
     [32mΓ£ô[39m configSchemaVersion matches CONFIG_VERSION[32m 0[2mms[22m[39m
     [32mΓ£ô[39m returns a valid JSON string[32m 1[2mms[22m[39m
     [32mΓ£ô[39m parsed JSON contains config and envelope fields[32m 1[2mms[22m[39m
     [32mΓ£ô[39m inner config.theme is preserved[32m 1[2mms[22m[39m
     [32mΓ£ô[39m returns default false when flag is absent[32m 2[2mms[22m[39m
     [32mΓ£ô[39m returns custom defaultValue when flag is absent[32m 1[2mms[22m[39m
     [32mΓ£ô[39m returns stored flag value from config[32m 1[2mms[22m[39m
     [32mΓ£ô[39m returns false for flag explicitly set to false[32m 1[2mms[22m[39m
     [32mΓ£ô[39m bumps configVersion to 5 when migrating from v4[32m 1[2mms[22m[39m
     [32mΓ£ô[39m populates featureFlags with default values[32m 1[2mms[22m[39m
     [32mΓ£ô[39m merges existing featureFlags when present in raw config[32m 2[2mms[22m[39m
     [32mΓ£ô[39m does not re-run v5 migration for a current config[32m 1[2mms[22m[39m
     [32mΓ£ô[39m copies tempUnit into cards.weather.settings[32m 0[2mms[22m[39m
     [32mΓ£ô[39m copies homeCity into cards.weather.settings[32m 0[2mms[22m[39m
     [32mΓ£ô[39m copies motivationInterval into cards.motivation.settings[32m 0[2mms[22m[39m
     [32mΓ£ô[39m copies countdownCard* props into cards.countdown.settings[32m 0[2mms[22m[39m
     [32mΓ£ô[39m preserves existing cards namespace entries from v4ΓåÆv5[32m 0[2mms[22m[39m
     [32mΓ£ô[39m does not re-run v6 migration for configVersion 6[32m 3[2mms[22m[39m
     [32mΓ£ô[39m unwraps a ConfigExportEnvelope and returns valid config[32m 1[2mms[22m[39m
     [32mΓ£ô[39m still accepts a raw config (no envelope)[32m 2[2mms[22m[39m
     [32mΓ£ô[39m rejects envelope with invalid inner config[32m 1[2mms[22m[39m
 [32mΓ£ô[39m tests/unit/core/card-registry.test.ts [2m([22m[2m46 tests[22m[2m)[22m[33m 869[2mms[22m[39m
 [32mΓ£ô[39m tests/unit/cards/news.test.ts [2m([22m[2m182 tests[22m[2m)[22m[33m 571[2mms[22m[39m
 [32mΓ£ô[39m tests/unit/cards/weather.test.ts [2m([22m[2m166 tests[22m[2m)[22m[33m 1104[2mms[22m[39m
 [32mΓ£ô[39m tests/unit/core/idb-cache.test.ts [2m([22m[2m63 tests[22m[2m)[22m[33m 2327[2mms[22m[39m
 [32mΓ£ô[39m tests/unit/cards/stocks.test.ts [2m([22m[2m184 tests[22m[2m)[22m[33m 1723[2mms[22m[39m
 [32mΓ£ô[39m tests/unit/ui/config-panel.test.ts [2m([22m[2m70 tests[22m[2m)[22m[33m 2003[2mms[22m[39m
 [32mΓ£ô[39m tests/unit/cards/hebrew-cal.test.ts [2m([22m[2m139 tests[22m[2m)[22m[33m 854[2mms[22m[39m
 [32mΓ£ô[39m tests/unit/ui/status-bar.test.ts [2m([22m[2m29 tests[22m[2m)[22m[33m 479[2mms[22m[39m
 [32mΓ£ô[39m tests/unit/ui/ticker.test.ts [2m([22m[2m67 tests[22m[2m)[22m[32m 258[2mms[22m[39m
 [32mΓ£ô[39m tests/unit/ui/header.test.ts [2m([22m[2m52 tests[22m[2m)[22m[33m 665[2mms[22m[39m
 [32mΓ£ô[39m tests/unit/main.test.ts [2m([22m[2m100 tests[22m[2m)[22m[33m 733[2mms[22m[39m
 [32mΓ£ô[39m tests/unit/cards/alerts.test.ts [2m([22m[2m92 tests[22m[2m)[22m[33m 608[2mms[22m[39m
 [32mΓ£ô[39m tests/unit/cards/calendar.test.ts [2m([22m[2m67 tests[22m[2m)[22m[33m 1324[2mms[22m[39m
 [32mΓ£ô[39m tests/unit/ui/maximize.test.ts [2m([22m[2m46 tests[22m[2m)[22m[33m 535[2mms[22m[39m
stderr | tests/unit/worker/worker.test.ts > Worker ΓÇö handleErrors route > returns 204 for a valid single error entry
[FDB-error] 2026-04-22T16:57:48.727Z test error

stderr | tests/unit/worker/worker.test.ts > Worker ΓÇö handleErrors route > returns 204 for multiple valid error entries
[FDB-error] 2026-04-22T16:57:48.742Z @ main.ts:42 err1
[FDB-error] 2026-04-22T16:57:48.742Z err2

stderr | tests/unit/worker/worker.test.ts > Worker ΓÇö handleErrors route > accepts entries with optional source and lineno
[FDB-error] 2001-09-09T01:46:40.000Z @ file.ts:10 m

stderr | tests/unit/worker/worker.test.ts > Worker ΓÇö handleErrors route > truncates messages longer than 500 characters
[FDB-error] 2026-04-22T16:57:48.751Z aaaaaaaaaaaaaaaaaaaaaaaaaaaaaaaaaaaaaaaaaaaaaaaaaaaaaaaaaaaaaaaaaaaaaaaaaaaaaaaaaaaaaaaaaaaaaaaaaaaaaaaaaaaaaaaaaaaaaaaaaaaaaaaaaaaaaaaaaaaaaaaaaaaaaaaaaaaaaaaaaaaaaaaaaaaaaaaaaaaaaaaaaaaaaaaaaaaaaaaaaaaaaaaaaaaaaaaaaaaaaaaaaaaaaaaaaaaaaaaaaaaaaaaaaaaaaaaaaaaaaaaaaaaaaaaaaaaaaaaaaaaaaaaaaaaaaaaaaaaaaaaaaaaaaaaaaaaaaaaaaaaaaaaaaaaaaaaaaaaaaaaaaaaaaaaaaaaaaaaaaaaaaaaaaaaaaaaaaaaaaaaaaaaaaaaaaaaaaaaaaaaaaaaaaaaaaaaaaaaaaaaaaaaaaaaaaaaaaaaaaaaaaaaaaaaaaaaaaaaaaaaaaaaaaaaaaaaaaaaaaaaaaaaaaaaaaaaaaaaa

 [32mΓ£ô[39m tests/unit/worker/worker.test.ts [2m([22m[2m140 tests[22m[2m)[22m[32m 276[2mms[22m[39m
 [32mΓ£ô[39m tests/unit/cards/tasks.test.ts [2m([22m[2m96 tests[22m[2m)[22m[33m 599[2mms[22m[39m
 [32mΓ£ô[39m tests/unit/cards/motivation.test.ts [2m([22m[2m44 tests[22m[2m)[22m[32m 290[2mms[22m[39m
 [32mΓ£ô[39m tests/unit/cards/fdb-tasks.test.ts [2m([22m[2m3 tests[22m[2m)[22m[32m 284[2mms[22m[39m
 [32mΓ£ô[39m tests/unit/ui/night-dimmer.test.ts [2m([22m[2m40 tests[22m[2m)[22m[33m 474[2mms[22m[39m
 [32mΓ£ô[39m tests/unit/core/sw-register.test.ts [2m([22m[2m23 tests[22m[2m)[22m[32m 213[2mms[22m[39m
 [32mΓ£ô[39m tests/unit/core/fdb-card.test.ts [2m([22m[2m80 tests[22m[2m)[22m[33m 622[2mms[22m[39m
 [32mΓ£ô[39m tests/unit/cards/countdown.test.ts [2m([22m[2m60 tests[22m[2m)[22m[33m 703[2mms[22m[39m
 [32mΓ£ô[39m tests/unit/cards/system-info.test.ts [2m([22m[2m63 tests[22m[2m)[22m[32m 272[2mms[22m[39m
 [32mΓ£ô[39m tests/unit/ui/diag-overlay.test.ts [2m([22m[2m35 tests[22m[2m)[22m[32m 259[2mms[22m[39m
 [32mΓ£ô[39m tests/unit/core/fetch.test.ts [2m([22m[2m64 tests[22m[2m)[22m[32m 270[2mms[22m[39m
 [32mΓ£ô[39m tests/unit/ui/layout-drag.test.ts [2m([22m[2m25 tests[22m[2m)[22m[32m 197[2mms[22m[39m
 [32mΓ£ô[39m tests/unit/cards/currency.test.ts [2m([22m[2m40 tests[22m[2m)[22m[32m 213[2mms[22m[39m
 [32mΓ£ô[39m tests/unit/cards/fdb-weather.test.ts [2m([22m[2m3 tests[22m[2m)[22m[32m 76[2mms[22m[39m
 [32mΓ£ô[39m tests/unit/ui/bg-images.test.ts [2m([22m[2m23 tests[22m[2m)[22m[32m 71[2mms[22m[39m
 [32mΓ£ô[39m tests/unit/core/cache.test.ts [2m([22m[2m87 tests[22m[2m)[22m[32m 222[2mms[22m[39m
 [32mΓ£ô[39m tests/unit/styles/theme-audit.test.ts [2m([22m[2m108 tests[22m[2m)[22m[32m 48[2mms[22m[39m
 [32mΓ£ô[39m tests/unit/core/ls-discipline.test.ts [2m([22m[2m4 tests[22m[2m)[22m[32m 159[2mms[22m[39m
 [32mΓ£ô[39m tests/unit/ui/theme.test.ts [2m([22m[2m33 tests[22m[2m)[22m[32m 121[2mms[22m[39m
 [32mΓ£ô[39m tests/unit/core/api-validators.test.ts [2m([22m[2m80 tests[22m[2m)[22m[32m 249[2mms[22m[39m
 [32mΓ£ô[39m tests/unit/html/dom-contract.test.ts [2m([22m[2m104 tests[22m[2m)[22m[32m 162[2mms[22m[39m
 [32mΓ£ô[39m tests/unit/core/i18n.test.ts [2m([22m[2m3 tests[22m[2m)[22m[32m 62[2mms[22m[39m
 [32mΓ£ô[39m tests/unit/cards/base-card.test.ts [2m([22m[2m33 tests[22m[2m)[22m[32m 71[2mms[22m[39m
 [32mΓ£ô[39m tests/unit/ui/toast.test.ts [2m([22m[2m10 tests[22m[2m)[22m[32m 52[2mms[22m[39m
 [32mΓ£ô[39m tests/unit/ui/scroll.test.ts [2m([22m[2m19 tests[22m[2m)[22m[32m 79[2mms[22m[39m
 [32mΓ£ô[39m tests/unit/core/diag.test.ts [2m([22m[2m18 tests[22m[2m)[22m[32m 137[2mms[22m[39m
 [32mΓ£ô[39m tests/unit/ui/screen-mode.test.ts [2m([22m[2m19 tests[22m[2m)[22m[32m 113[2mms[22m[39m
 [32mΓ£ô[39m tests/unit/ui/keyboard.test.ts [2m([22m[2m13 tests[22m[2m)[22m[32m 61[2mms[22m[39m
 [32mΓ£ô[39m tests/unit/core/sync.test.ts [2m([22m[2m29 tests[22m[2m)[22m[32m 78[2mms[22m[39m
 [32mΓ£ô[39m tests/unit/ui/config-auto-render.test.ts [2m([22m[2m13 tests[22m[2m)[22m[32m 62[2mms[22m[39m
 [32mΓ£ô[39m tests/unit/core/idle.test.ts [2m([22m[2m13 tests[22m[2m)[22m[32m 63[2mms[22m[39m
 [32mΓ£ô[39m tests/unit/core/provider.test.ts [2m([22m[2m27 tests[22m[2m)[22m[32m 37[2mms[22m[39m
 [32mΓ£ô[39m tests/unit/cards/fdb-stocks.test.ts [2m([22m[2m3 tests[22m[2m)[22m[32m 36[2mms[22m[39m
 [32mΓ£ô[39m tests/unit/core/utils.test.ts [2m([22m[2m26 tests[22m[2m)[22m[32m 150[2mms[22m[39m
 [32mΓ£ô[39m tests/unit/cards/fdb-news.test.ts [2m([22m[2m3 tests[22m[2m)[22m[32m 44[2mms[22m[39m
 [32mΓ£ô[39m tests/unit/core/hardware.test.ts [2m([22m[2m23 tests[22m[2m)[22m[32m 45[2mms[22m[39m
 [32mΓ£ô[39m tests/unit/core/perf.test.ts [2m([22m[2m32 tests[22m[2m)[22m[32m 45[2mms[22m[39m
 [32mΓ£ô[39m tests/unit/cards/fdb-motivation.test.ts [2m([22m[2m4 tests[22m[2m)[22m[32m 72[2mms[22m[39m
 [32mΓ£ô[39m tests/unit/core/first-run-tour.test.ts [2m([22m[2m7 tests[22m[2m)[22m[32m 35[2mms[22m[39m
 [32mΓ£ô[39m tests/unit/core/state.test.ts [2m([22m[2m17 tests[22m[2m)[22m[32m 34[2mms[22m[39m
 [32mΓ£ô[39m tests/unit/core/error-reporter.test.ts [2m([22m[2m10 tests[22m[2m)[22m[32m 64[2mms[22m[39m
 [32mΓ£ô[39m tests/unit/cards/config-schemas.test.ts [2m([22m[2m30 tests[22m[2m)[22m[32m 34[2mms[22m[39m
 [32mΓ£ô[39m tests/unit/ui/config-accordion.test.ts [2m([22m[2m4 tests[22m[2m)[22m[32m 30[2mms[22m[39m
 [32mΓ£ô[39m tests/integration/sync-dots.test.ts [2m([22m[2m6 tests[22m[2m)[22m[32m 32[2mms[22m[39m
 [32mΓ£ô[39m tests/unit/core/error-tracker.test.ts [2m([22m[2m15 tests[22m[2m)[22m[32m 33[2mms[22m[39m
 [32mΓ£ô[39m tests/unit/core/constants.test.ts [2m([22m[2m10 tests[22m[2m)[22m[32m 30[2mms[22m[39m
 [32mΓ£ô[39m tests/unit/types/api-normalized.test.ts [2m([22m[2m38 tests[22m[2m)[22m[32m 29[2mms[22m[39m
 [32mΓ£ô[39m tests/unit/core/vitals-reporter.test.ts [2m([22m[2m7 tests[22m[2m)[22m[32m 30[2mms[22m[39m
 [32mΓ£ô[39m tests/unit/styles/css-components.test.ts [2m([22m[2m34 tests[22m[2m)[22m[32m 31[2mms[22m[39m
 [32mΓ£ô[39m tests/unit/worker/rss-parser.test.ts [2m([22m[2m13 tests[22m[2m)[22m[32m 50[2mms[22m[39m
 [32mΓ£ô[39m tests/unit/cards/stocks-adapter.test.ts [2m([22m[2m6 tests[22m[2m)[22m[32m 28[2mms[22m[39m
 [32mΓ£ô[39m tests/unit/core/sw-constants.test.ts [2m([22m[2m14 tests[22m[2m)[22m[32m 26[2mms[22m[39m
 [32mΓ£ô[39m tests/unit/core/worker-fetch.test.ts [2m([22m[2m11 tests[22m[2m)[22m[32m 27[2mms[22m[39m
 [32mΓ£ô[39m tests/unit/cards/calendar-adapter.test.ts [2m([22m[2m6 tests[22m[2m)[22m[32m 26[2mms[22m[39m
 [32mΓ£ô[39m tests/unit/core/sw.test.ts [2m([22m[2m22 tests[22m[2m)[22m[32m 23[2mms[22m[39m
 [32mΓ£ô[39m tests/integration/provider-lifecycle.test.ts [2m([22m[2m3 tests[22m[2m)[22m[32m 23[2mms[22m[39m
 [32mΓ£ô[39m tests/integration/config-save.test.ts [2m([22m[2m7 tests[22m[2m)[22m[32m 27[2mms[22m[39m
 [32mΓ£ô[39m tests/integration/cache-stale.test.ts [2m([22m[2m6 tests[22m[2m)[22m[32m 26[2mms[22m[39m
 [32mΓ£ô[39m tests/unit/cards/fdb-countdown.test.ts [2m([22m[2m3 tests[22m[2m)[22m[32m 24[2mms[22m[39m
 [32mΓ£ô[39m tests/unit/core/provider-adapter.test.ts [2m([22m[2m4 tests[22m[2m)[22m[32m 23[2mms[22m[39m
 [32mΓ£ô[39m tests/unit/core/config-export-validation.test.ts [2m([22m[2m8 tests[22m[2m)[22m[32m 25[2mms[22m[39m
 [32mΓ£ô[39m tests/integration/theme-switch.test.ts [2m([22m[2m8 tests[22m[2m)[22m[32m 25[2mms[22m[39m
 [32mΓ£ô[39m tests/unit/cards/currency-adapter.test.ts [2m([22m[2m5 tests[22m[2m)[22m[32m 20[2mms[22m[39m
 [32mΓ£ô[39m tests/unit/cards/hebcal-adapter.test.ts [2m([22m[2m5 tests[22m[2m)[22m[32m 27[2mms[22m[39m
 [32mΓ£ô[39m tests/unit/cards/alerts-adapter.test.ts [2m([22m[2m6 tests[22m[2m)[22m[32m 20[2mms[22m[39m
 [32mΓ£ô[39m tests/unit/cards/news-adapter.test.ts [2m([22m[2m5 tests[22m[2m)[22m[32m 22[2mms[22m[39m
 [32mΓ£ô[39m tests/integration/config-export-import.test.ts [2m([22m[2m3 tests[22m[2m)[22m[32m 23[2mms[22m[39m
 [32mΓ£ô[39m tests/unit/core/config-reset-card.test.ts [2m([22m[2m3 tests[22m[2m)[22m[32m 22[2mms[22m[39m
 [32mΓ£ô[39m tests/integration/backoff-sequence.test.ts [2m([22m[2m6 tests[22m[2m)[22m[32m 16[2mms[22m[39m
 [32mΓ£ô[39m tests/unit/cards/open-meteo-adapter.test.ts [2m([22m[2m5 tests[22m[2m)[22m[32m 20[2mms[22m[39m
 [32mΓ£ô[39m tests/unit/core/ls-audit.test.ts [2m([22m[2m6 tests[22m[2m)[22m[32m 19[2mms[22m[39m
 [32mΓ£ô[39m tests/unit/cards/fdb-system-info.test.ts [2m([22m[2m3 tests[22m[2m)[22m[32m 19[2mms[22m[39m
 [32mΓ£ô[39m tests/unit/core/config-diff.test.ts [2m([22m[2m5 tests[22m[2m)[22m[32m 20[2mms[22m[39m
 [32mΓ£ô[39m tests/unit/types/card-config-map.test.ts [2m([22m[2m9 tests[22m[2m)[22m[32m 18[2mms[22m[39m
 [32mΓ£ô[39m tests/unit/cards/fdb-calendar.test.ts [2m([22m[2m3 tests[22m[2m)[22m[32m 17[2mms[22m[39m
 [32mΓ£ô[39m tests/unit/cards/fdb-alerts.test.ts [2m([22m[2m3 tests[22m[2m)[22m[32m 18[2mms[22m[39m
 [32mΓ£ô[39m tests/unit/cards/fdb-hebrew-cal.test.ts [2m([22m[2m3 tests[22m[2m)[22m[32m 20[2mms[22m[39m
 [32mΓ£ô[39m tests/unit/core/classify-fetch-error.test.ts [2m([22m[2m10 tests[22m[2m)[22m[32m 25[2mms[22m[39m
 [32mΓ£ô[39m tests/unit/cards/fdb-currency.test.ts [2m([22m[2m3 tests[22m[2m)[22m[32m 20[2mms[22m[39m
 [32mΓ£ô[39m tests/integration/health-snapshot.test.ts [2m([22m[2m2 tests[22m[2m)[22m[32m 18[2mms[22m[39m
 [32mΓ£ô[39m tests/unit/types/provider.test.ts [2m([22m[2m5 tests[22m[2m)[22m[32m 15[2mms[22m[39m
 [32mΓ£ô[39m tests/unit/styles/print.test.ts [2m([22m[2m5 tests[22m[2m)[22m[32m 15[2mms[22m[39m

ΓÄ»ΓÄ»ΓÄ»ΓÄ»ΓÄ»ΓÄ»ΓÄ» Failed Tests 1 ΓÄ»ΓÄ»ΓÄ»ΓÄ»ΓÄ»ΓÄ»ΓÄ»

 FAIL  tests/unit/core/config.test.ts > Config ΓÇö migrateConfig (v7.4) > preserves all existing fields during migration
AssertionError: expected 'F' to be 'C' // Object.is equality

Expected: "C"
Received: "F"

 Γ¥» tests/unit/core/config.test.ts:252:29
    250|     expect(result.theme).toBe("matrix");
    251|     // v9 migration resets tempUnit to 'C' (Celsius is the project defΓÇª
    252|     expect(result.tempUnit).toBe("C");
       |                             ^
    253|   });
    254| });

ΓÄ»ΓÄ»ΓÄ»ΓÄ»ΓÄ»ΓÄ»ΓÄ»ΓÄ»ΓÄ»ΓÄ»ΓÄ»ΓÄ»ΓÄ»ΓÄ»ΓÄ»ΓÄ»ΓÄ»ΓÄ»ΓÄ»ΓÄ»ΓÄ»ΓÄ»ΓÄ»ΓÄ»[1/1]ΓÄ»


[2m Test Files [22m [1m[31m1 failed[39m[22m[2m | [22m[1m[32m96 passed[39m[22m[90m (97)[39m
[2m      Tests [22m [1m[31m1 failed[39m[22m[2m | [22m[1m[32m3240 passed[39m[22m[90m (3241)[39m
[2m   Start at [22m 19:57:37
[2m   Duration [22m 50.65s[2m (transform 12.46s, setup 2.20s, import 18.11s, tests 22.28s, environment 161.02s)[22m

